Testing Gemini API connection...

Attemping model: gemini-1.5-flash
node : FAILED with gem
ini-1.5-flash:
위치 줄:1 문자:1
+ node test-gemini.mjs
 > test_output.txt 2>&
1
+ ~~~~~~~~~~~~~~~~~~~~
~~~~~~~~~~~~~~~~~~~~~~
~
    + CategoryInfo    
          : NotSpeci  
  fied: (FAILED wit   
 h gemini-1.5-flas    
h::String) [], Re    m
oteException
    + FullyQualifiedE 
   rrorId : NativeCo  
  mmandError
 

Attemping model: gemini-pro
Error Message: [Google
GenerativeAI Error]: E
rror fetching from htt
ps://generativelanguag
e.googleapis.com/v1bet
a/models/gemini-1.5-fl
ash:generateContent: [
404 Not Found] models/
gemini-1.5-flash is no
t found for API versio
n v1beta, or is not su
pported for generateCo
ntent. Call ListModels
 to see the list of av
ailable models and the
ir supported methods.
FAILED with gemini-pro
:
Error Message: [Google
GenerativeAI Error]: E
rror fetching from htt
ps://generativelanguag
e.googleapis.com/v1bet
a/models/gemini-pro:ge
nerateContent: [404 No
t Found] models/gemini
-pro is not found for 
API version v1beta, or
 is not supported for 
generateContent. Call 
ListModels to see the 
list of available mode
ls and their supported
 methods.
